******************************************************************************
            TI ARM Clang Linker PC v4.0.0                      
******************************************************************************
>> Linked Wed Apr 29 15:55:25 2026

OUTPUT FILE NAME:   <Default_Project.out>
ENTRY POINT SYMBOL: "_c_int00_noargs"  address: 0000087d


MEMORY CONFIGURATION

         name            origin    length      used     unused   attr    fill
----------------------  --------  ---------  --------  --------  ----  --------
  FLASH                 00000000   00020000  00000940  0001f6c0  R  X
  SRAM                  20200000   00008000  00000a04  000075fc  RW X
  BCR_CONFIG            41c00000   00000080  00000000  00000080  R   
  BSL_CONFIG            41c00100   00000080  00000000  00000080  R   


SEGMENT ALLOCATION MAP

run origin  load origin   length   init length attrs members
----------  ----------- ---------- ----------- ----- -------
00000000    00000000    00000940   00000940    r-x
  00000000    00000000    000000c0   000000c0    r-- .intvecs
  000000c0    000000c0    00000868   00000868    r-x .text
  00000928    00000928    00000018   00000018    r-- .cinit
20200000    20200000    00000804   00000000    rw-
  20200000    20200000    00000800   00000000    rw- .sysmem
  20200800    20200800    00000004   00000000    rw- .data
20207e00    20207e00    00000200   00000000    rw-
  20207e00    20207e00    00000200   00000000    rw- .stack


SECTION ALLOCATION MAP

 output                                  attributes/
section   page    origin      length       input sections
--------  ----  ----------  ----------   ----------------
.intvecs   0    00000000    000000c0     
                  00000000    000000c0     startup_mspm0g3507_ticlang.o (.intvecs)

.text      0    000000c0    00000868     
                  000000c0    00000170     clock.o (.text.clock_init_40mhz)
                  00000230    000000d0     spi.o (.text.spi1_init)
                  00000300    0000008a     graphics.o (.text.ili9341_set_addr_window)
                  0000038a    00000002     libclang_rt.builtins.a : aeabi_div0.c.obj (.text.__aeabi_idiv0)
                  0000038c    0000007c     libc.a : copy_decompress_lzss.c.obj (.text:decompress:lzss)
                  00000408    00000074     libclang_rt.builtins.a : comparedf2.c.obj (.text.__gedf2)
                  0000047c    00000068                            : comparedf2.c.obj (.text.__ledf2)
                  000004e4    00000062                            : aeabi_dcmp.S.obj (.text.__aeabi_dcmp)
                  00000546    00000002     --HOLE-- [fill = 0]
                  00000548    00000054     lcd.o (.text.lcd_pins_init)
                  0000059c    00000050     lcd.o (.text.ili9341_init)
                  000005ec    00000044     graphics.o (.text.ili9341_fill_screen)
                  00000630    00000040     libclang_rt.builtins.a : aeabi_uidivmod.S.obj (.text.__aeabi_uidivmod)
                  00000670    0000003c     lcd.o (.text.spi1_write16)
                  000006ac    0000003c     lcd.o (.text.spi1_write)
                  000006e8    0000003c     libc.a : autoinit.c.obj (.text:__TI_auto_init_nobinit_nopinit)
                  00000724    00000038     LaunchPad.o (.text.launchpad_gpio_init)
                  0000075c    00000034     lcd.o (.text.lcd_data)
                  00000790    00000034     clock.o (.text.msec_delay)
                  000007c4    00000030     lcd.o (.text.lcd_cmd)
                  000007f4    0000002e     main.o (.text.main)
                  00000822    00000002     --HOLE-- [fill = 0]
                  00000824    0000002c     lcd.o (.text.lcd_reset)
                  00000850    0000002c     spi.o (.text.spi1_write_data)
                  0000087c    00000028     libc.a : boot_cortex_m.c.obj (.text:_c_int00_noargs)
                  000008a4    00000024     libclang_rt.builtins.a : floatunsidf.S.obj (.text.__floatunsidf)
                  000008c8    00000012     libc.a : memcpy16.S.obj (.text:TI_memcpy_small)
                  000008da    00000012            : copy_decompress_none.c.obj (.text:decompress:none)
                  000008ec    00000010     clock.o (.text.clock_delay)
                  000008fc    0000000c     clock.o (.text.get_bus_clock_freq)
                  00000908    00000008     libclang_rt.builtins.a : aeabi_memcpy.S.obj (.text.__aeabi_memcpy)
                  00000910    00000004     startup_mspm0g3507_ticlang.o (.text.Default_Handler)
                  00000914    00000004     startup_mspm0g3507_ticlang.o (.text.HardFault_Handler)
                  00000918    00000004     startup_mspm0g3507_ticlang.o (.text.Reset_Handler)
                  0000091c    00000004     libc.a : pre_init.c.obj (.text._system_pre_init)
                  00000920    00000004            : exit.c.obj (.text:abort)
                  00000924    00000004     --HOLE-- [fill = 0]

.cinit     0    00000928    00000018     
                  00000928    00000008     (.cinit..data.load) [load image, compression = lzss]
                  00000930    00000008     (__TI_handler_table)
                  00000938    00000008     (__TI_cinit_table)

.init_array 
*          0    00000000    00000000     UNINITIALIZED

.binit     0    00000000    00000000     

.data      0    20200800    00000004     UNINITIALIZED
                  20200800    00000004     clock.o (.data.g_bus_clock_freq)

.sysmem    0    20200000    00000800     UNINITIALIZED
                  20200000    00000010     libc.a : memory.c.obj (.sysmem)
                  20200010    000007f0     --HOLE--

.stack     0    20207e00    00000200     UNINITIALIZED
                  20207e00    00000004     libc.a : boot_cortex_m.c.obj (.stack)
                  20207e04    000001fc     --HOLE--

__llvm_prf_cnts 
*          0    20200000    00000000     UNINITIALIZED

__llvm_prf_bits 
*          0    20200000    00000000     UNINITIALIZED

MODULE SUMMARY

       Module                         code   ro data   rw data
       ------                         ----   -------   -------
    .\
       clock.o                        448    0         4      
       lcd.o                          428    0         0      
       spi.o                          252    0         0      
       graphics.o                     206    0         0      
       LaunchPad.o                    56     0         0      
       main.o                         46     0         0      
    +--+------------------------------+------+---------+---------+
       Total:                         1436   0         4      
                                                              
    .\ticlang\
       startup_mspm0g3507_ticlang.o   12     192       0      
    +--+------------------------------+------+---------+---------+
       Total:                         12     192       0      
                                                              
    C:\ti\ccstheia151\ccs\tools\compiler\ti-cgt-armllvm_4.0.0.LTS\lib\armv6m-ti-none-eabi/c/libc.a
       copy_decompress_lzss.c.obj     124    0         0      
       autoinit.c.obj                 60     0         0      
       boot_cortex_m.c.obj            40     0         0      
       copy_decompress_none.c.obj     18     0         0      
       memcpy16.S.obj                 18     0         0      
       exit.c.obj                     4      0         0      
       pre_init.c.obj                 4      0         0      
    +--+------------------------------+------+---------+---------+
       Total:                         268    0         0      
                                                              
    C:\ti\ccstheia151\ccs\tools\compiler\ti-cgt-armllvm_4.0.0.LTS\lib\armv6m-ti-none-eabi/libclang_rt.builtins.a
       comparedf2.c.obj               220    0         0      
       aeabi_dcmp.S.obj               98     0         0      
       aeabi_uidivmod.S.obj           64     0         0      
       floatunsidf.S.obj              36     0         0      
       aeabi_memcpy.S.obj             8      0         0      
       aeabi_div0.c.obj               2      0         0      
    +--+------------------------------+------+---------+---------+
       Total:                         428    0         0      
                                                              
       Heap:                          0      0         2048   
       Stack:                         0      0         512    
       Linker Generated:              0      24        0      
    +--+------------------------------+------+---------+---------+
       Grand Total:                   2144   216       2564   


LINKER GENERATED COPY TABLES

__TI_cinit_table @ 00000938 records: 1, size/record: 8, table size: 8
	.data: load addr=00000928, load size=00000008 bytes, run addr=20200800, run size=00000004 bytes, compression=lzss


LINKER GENERATED HANDLER TABLE

__TI_handler_table @ 00000930 records: 2, size/record: 4, table size: 8
	index: 0, handler: __TI_decompress_lzss
	index: 1, handler: __TI_decompress_none


GLOBAL SYMBOLS: SORTED ALPHABETICALLY BY Name 

address   name                          
-------   ----                          
00000911  ADC0_IRQHandler               
00000911  ADC1_IRQHandler               
00000911  AES_IRQHandler                
00000920  C$$EXIT                       
00000911  CANFD0_IRQHandler             
00000911  DAC0_IRQHandler               
00000911  DMA_IRQHandler                
00000911  Default_Handler               
00000911  GROUP0_IRQHandler             
00000911  GROUP1_IRQHandler             
00000915  HardFault_Handler             
00000911  I2C0_IRQHandler               
00000911  I2C1_IRQHandler               
00000911  NMI_Handler                   
00000911  PendSV_Handler                
00000911  RTC_IRQHandler                
00000919  Reset_Handler                 
00000911  SPI0_IRQHandler               
00000911  SPI1_IRQHandler               
00000911  SVC_Handler                   
00000911  SysTick_Handler               
00000911  TIMA0_IRQHandler              
00000911  TIMA1_IRQHandler              
00000911  TIMG0_IRQHandler              
00000911  TIMG12_IRQHandler             
00000911  TIMG6_IRQHandler              
00000911  TIMG7_IRQHandler              
00000911  TIMG8_IRQHandler              
000008c9  TI_memcpy_small               
00000911  UART0_IRQHandler              
00000911  UART1_IRQHandler              
00000911  UART2_IRQHandler              
00000911  UART3_IRQHandler              
20208000  __STACK_END                   
00000200  __STACK_SIZE                  
00000800  __SYSMEM_SIZE                 
00000000  __TI_ATRegion0_region_sz      
00000000  __TI_ATRegion0_src_addr       
00000000  __TI_ATRegion0_trg_addr       
00000000  __TI_ATRegion1_region_sz      
00000000  __TI_ATRegion1_src_addr       
00000000  __TI_ATRegion1_trg_addr       
00000000  __TI_ATRegion2_region_sz      
00000000  __TI_ATRegion2_src_addr       
00000000  __TI_ATRegion2_trg_addr       
00000938  __TI_CINIT_Base               
00000940  __TI_CINIT_Limit              
00000940  __TI_CINIT_Warm               
00000930  __TI_Handler_Table_Base       
00000938  __TI_Handler_Table_Limit      
000006e9  __TI_auto_init_nobinit_nopinit
0000038d  __TI_decompress_lzss          
000008db  __TI_decompress_none          
ffffffff  __TI_pprof_out_hndl           
ffffffff  __TI_prof_data_size           
ffffffff  __TI_prof_data_start          
00000000  __TI_static_base__            
000004e5  __aeabi_dcmpeq                
00000521  __aeabi_dcmpge                
00000535  __aeabi_dcmpgt                
0000050d  __aeabi_dcmple                
000004f9  __aeabi_dcmplt                
0000038b  __aeabi_idiv0                 
00000909  __aeabi_memcpy                
00000909  __aeabi_memcpy4               
00000909  __aeabi_memcpy8               
000008a5  __aeabi_ui2d                  
00000631  __aeabi_uidiv                 
00000631  __aeabi_uidivmod              
ffffffff  __binit__                     
0000047d  __cmpdf2                      
0000047d  __eqdf2                       
000008a5  __floatunsidf                 
00000409  __gedf2                       
00000409  __gtdf2                       
0000047d  __ledf2                       
0000047d  __ltdf2                       
UNDEFED   __mpu_init                    
0000047d  __nedf2                       
20207e00  __stack                       
20200000  __start___llvm_prf_bits       
20200000  __start___llvm_prf_cnts       
20200000  __stop___llvm_prf_bits        
20200000  __stop___llvm_prf_cnts        
0000087d  _c_int00_noargs               
20200000  _sys_memory                   
UNDEFED   _system_post_cinit            
0000091d  _system_pre_init              
00000921  abort                         
ffffffff  binit                         
000008ed  clock_delay                   
000000c1  clock_init_40mhz              
20200800  g_bus_clock_freq              
000008fd  get_bus_clock_freq            
000005ed  ili9341_fill_screen           
0000059d  ili9341_init                  
00000000  interruptVectors              
00000725  launchpad_gpio_init           
000007c5  lcd_cmd                       
0000075d  lcd_data                      
00000549  lcd_pins_init                 
00000825  lcd_reset                     
000007f5  main                          
00000791  msec_delay                    
00000231  spi1_init                     
000006ad  spi1_write                    
00000671  spi1_write16                  
00000851  spi1_write_data               


GLOBAL SYMBOLS: SORTED BY Symbol Address 

address   name                          
-------   ----                          
00000000  __TI_ATRegion0_region_sz      
00000000  __TI_ATRegion0_src_addr       
00000000  __TI_ATRegion0_trg_addr       
00000000  __TI_ATRegion1_region_sz      
00000000  __TI_ATRegion1_src_addr       
00000000  __TI_ATRegion1_trg_addr       
00000000  __TI_ATRegion2_region_sz      
00000000  __TI_ATRegion2_src_addr       
00000000  __TI_ATRegion2_trg_addr       
00000000  __TI_static_base__            
00000000  interruptVectors              
000000c1  clock_init_40mhz              
00000200  __STACK_SIZE                  
00000231  spi1_init                     
0000038b  __aeabi_idiv0                 
0000038d  __TI_decompress_lzss          
00000409  __gedf2                       
00000409  __gtdf2                       
0000047d  __cmpdf2                      
0000047d  __eqdf2                       
0000047d  __ledf2                       
0000047d  __ltdf2                       
0000047d  __nedf2                       
000004e5  __aeabi_dcmpeq                
000004f9  __aeabi_dcmplt                
0000050d  __aeabi_dcmple                
00000521  __aeabi_dcmpge                
00000535  __aeabi_dcmpgt                
00000549  lcd_pins_init                 
0000059d  ili9341_init                  
000005ed  ili9341_fill_screen           
00000631  __aeabi_uidiv                 
00000631  __aeabi_uidivmod              
00000671  spi1_write16                  
000006ad  spi1_write                    
000006e9  __TI_auto_init_nobinit_nopinit
00000725  launchpad_gpio_init           
0000075d  lcd_data                      
00000791  msec_delay                    
000007c5  lcd_cmd                       
000007f5  main                          
00000800  __SYSMEM_SIZE                 
00000825  lcd_reset                     
00000851  spi1_write_data               
0000087d  _c_int00_noargs               
000008a5  __aeabi_ui2d                  
000008a5  __floatunsidf                 
000008c9  TI_memcpy_small               
000008db  __TI_decompress_none          
000008ed  clock_delay                   
000008fd  get_bus_clock_freq            
00000909  __aeabi_memcpy                
00000909  __aeabi_memcpy4               
00000909  __aeabi_memcpy8               
00000911  ADC0_IRQHandler               
00000911  ADC1_IRQHandler               
00000911  AES_IRQHandler                
00000911  CANFD0_IRQHandler             
00000911  DAC0_IRQHandler               
00000911  DMA_IRQHandler                
00000911  Default_Handler               
00000911  GROUP0_IRQHandler             
00000911  GROUP1_IRQHandler             
00000911  I2C0_IRQHandler               
00000911  I2C1_IRQHandler               
00000911  NMI_Handler                   
00000911  PendSV_Handler                
00000911  RTC_IRQHandler                
00000911  SPI0_IRQHandler               
00000911  SPI1_IRQHandler               
00000911  SVC_Handler                   
00000911  SysTick_Handler               
00000911  TIMA0_IRQHandler              
00000911  TIMA1_IRQHandler              
00000911  TIMG0_IRQHandler              
00000911  TIMG12_IRQHandler             
00000911  TIMG6_IRQHandler              
00000911  TIMG7_IRQHandler              
00000911  TIMG8_IRQHandler              
00000911  UART0_IRQHandler              
00000911  UART1_IRQHandler              
00000911  UART2_IRQHandler              
00000911  UART3_IRQHandler              
00000915  HardFault_Handler             
00000919  Reset_Handler                 
0000091d  _system_pre_init              
00000920  C$$EXIT                       
00000921  abort                         
00000930  __TI_Handler_Table_Base       
00000938  __TI_CINIT_Base               
00000938  __TI_Handler_Table_Limit      
00000940  __TI_CINIT_Limit              
00000940  __TI_CINIT_Warm               
20200000  __start___llvm_prf_bits       
20200000  __start___llvm_prf_cnts       
20200000  __stop___llvm_prf_bits        
20200000  __stop___llvm_prf_cnts        
20200000  _sys_memory                   
20200800  g_bus_clock_freq              
20207e00  __stack                       
20208000  __STACK_END                   
ffffffff  __TI_pprof_out_hndl           
ffffffff  __TI_prof_data_size           
ffffffff  __TI_prof_data_start          
ffffffff  __binit__                     
ffffffff  binit                         
UNDEFED   __mpu_init                    
UNDEFED   _system_post_cinit            

[108 symbols]
