******************************************************************************
            TI ARM Clang Linker PC v4.0.0                      
******************************************************************************
>> Linked Mon May 11 13:56:04 2026

OUTPUT FILE NAME:   <Default_Project.out>
ENTRY POINT SYMBOL: "_c_int00_noargs"  address: 00000db5


MEMORY CONFIGURATION

         name            origin    length      used     unused   attr    fill
----------------------  --------  ---------  --------  --------  ----  --------
  FLASH                 00000000   00020000  00000ff0  0001f010  R  X
  SRAM                  20200000   00008000  00000a07  000075f9  RW X
  BCR_CONFIG            41c00000   00000080  00000000  00000080  R   
  BSL_CONFIG            41c00100   00000080  00000000  00000080  R   


SEGMENT ALLOCATION MAP

run origin  load origin   length   init length attrs members
----------  ----------- ---------- ----------- ----- -------
00000000    00000000    00000ff0   00000ff0    r-x
  00000000    00000000    000000c0   000000c0    r-- .intvecs
  000000c0    000000c0    00000e18   00000e18    r-x .text
  00000ed8    00000ed8    000000f8   000000f8    r-- .rodata
  00000fd0    00000fd0    00000020   00000020    r-- .cinit
20200000    20200000    00000807   00000000    rw-
  20200000    20200000    00000800   00000000    rw- .sysmem
  20200800    20200800    00000007   00000000    rw- .data
20207e00    20207e00    00000200   00000000    rw-
  20207e00    20207e00    00000200   00000000    rw- .stack


SECTION ALLOCATION MAP

 output                                  attributes/
section   page    origin      length       input sections
--------  ----  ----------  ----------   ----------------
.intvecs   0    00000000    000000c0     
                  00000000    000000c0     startup_mspm0g3507_ticlang.o (.intvecs)

.text      0    000000c0    00000e18     
                  000000c0    00000274     main.o (.text.start_menu)
                  00000334    00000184     LaunchPad.o (.text.I2C_mstr_send_internal)
                  000004b8    00000170     clock.o (.text.clock_init_40mhz)
                  00000628    0000011c     lcd1602.o (.text.lcd1602_write)
                  00000744    000000c0     lcd1602.o (.text.lcd1602_init)
                  00000804    000000bc     LaunchPad.o (.text.I2C_mstr_init)
                  000008c0    0000009c     LaunchPad.o (.text.is_pb_down)
                  0000095c    0000008c     main.o (.text.GROUP1_IRQHandler)
                  000009e8    00000084     main.o (.text.__NVIC_SetPriority)
                  00000a6c    0000007c     libc.a : copy_decompress_lzss.c.obj (.text:decompress:lzss)
                  00000ae8    0000005c     LaunchPad.o (.text.I2C_fill_tx_fifo)
                  00000b44    0000004c     LaunchPad.o (.text.dipsw_init)
                  00000b90    00000040     libclang_rt.builtins.a : aeabi_uidivmod.S.obj (.text.__aeabi_uidivmod)
                  00000bd0    0000003c     clock.o (.text.usec_delay)
                  00000c0c    0000003c     libc.a : autoinit.c.obj (.text:__TI_auto_init_nobinit_nopinit)
                  00000c48    00000038     LaunchPad.o (.text.launchpad_gpio_init)
                  00000c80    00000038     main.o (.text.main)
                  00000cb8    00000034     main.o (.text.__NVIC_DisableIRQ)
                  00000cec    00000034     main.o (.text.config_pb1_interrupt)
                  00000d20    00000034     main.o (.text.config_pb2_interrupt)
                  00000d54    00000034     clock.o (.text.msec_delay)
                  00000d88    0000002c     main.o (.text.__NVIC_EnableIRQ)
                  00000db4    00000028     libc.a : boot_cortex_m.c.obj (.text:_c_int00_noargs)
                  00000ddc    00000024     lcd1602.o (.text.lcd_write_string)
                  00000e00    00000020     lcd1602.o (.text.lcd_set_backlight_on)
                  00000e20    00000020     lcd1602.o (.text.lcd_set_ddram_addr)
                  00000e40    0000001e     LaunchPad.o (.text.I2C_mstr_send1)
                  00000e5e    00000018     lcd1602.o (.text.lcd_write_char)
                  00000e76    00000012     libc.a : memcpy16.S.obj (.text:TI_memcpy_small)
                  00000e88    00000012            : copy_decompress_none.c.obj (.text:decompress:none)
                  00000e9a    00000010     clock.o (.text.clock_delay)
                  00000eaa    0000000e     lcd1602.o (.text.lcd_clear)
                  00000eb8    00000008     libclang_rt.builtins.a : aeabi_memcpy.S.obj (.text.__aeabi_memcpy)
                  00000ec0    00000004     startup_mspm0g3507_ticlang.o (.text.Default_Handler)
                  00000ec4    00000004     startup_mspm0g3507_ticlang.o (.text.HardFault_Handler)
                  00000ec8    00000004     startup_mspm0g3507_ticlang.o (.text.Reset_Handler)
                  00000ecc    00000004     libc.a : pre_init.c.obj (.text._system_pre_init)
                  00000ed0    00000004            : exit.c.obj (.text:abort)
                  00000ed4    00000002     libclang_rt.builtins.a : aeabi_div0.c.obj (.text.__aeabi_idiv0)
                  00000ed6    00000002     --HOLE-- [fill = 0]

.cinit     0    00000fd0    00000020     
                  00000fd0    0000000b     (.cinit..data.load) [load image, compression = lzss]
                  00000fdb    00000001     --HOLE-- [fill = 0]
                  00000fdc    00000008     (__TI_handler_table)
                  00000fe4    00000008     (__TI_cinit_table)
                  00000fec    00000004     --HOLE-- [fill = 0]

.rodata    0    00000ed8    000000f8     
                  00000ed8    00000030     LaunchPad.o (.rodata.dip_switch_config_data)
                  00000f08    00000018     LaunchPad.o (.rodata.iic_config_data)
                  00000f20    00000011     main.o (.rodata.str1.102198819253266672751)
                  00000f31    00000011     main.o (.rodata.str1.140962207062303880201)
                  00000f42    00000011     main.o (.rodata.str1.157592557656998809351)
                  00000f53    00000011     main.o (.rodata.str1.164552152177587026401)
                  00000f64    00000011     main.o (.rodata.str1.182731374899196392841)
                  00000f75    00000011     main.o (.rodata.str1.42835430280232758001)
                  00000f86    00000011     main.o (.rodata.str1.54842681482495761191)
                  00000f97    00000010     main.o (.rodata.str1.58265674741439123291)
                  00000fa7    0000000f     main.o (.rodata.str1.30235616187663446621)
                  00000fb6    0000000e     main.o (.rodata.str1.181369900268917052751)
                  00000fc4    0000000b     main.o (.rodata.str1.128962870563899395191)
                  00000fcf    00000001     --HOLE-- [fill = 0]

.init_array 
*          0    00000000    00000000     UNINITIALIZED

.binit     0    00000000    00000000     

.data      0    20200800    00000007     UNINITIALIZED
                  20200800    00000004     clock.o (.data.g_bus_clock_freq)
                  20200804    00000001     lcd1602.o (.data.g_lcd_backlight_mode)
                  20200805    00000001     main.o (.data.g_pb1_pressed)
                  20200806    00000001     main.o (.data.g_pb2_pressed)

.sysmem    0    20200000    00000800     UNINITIALIZED
                  20200000    00000010     libc.a : memory.c.obj (.sysmem)
                  20200010    000007f0     --HOLE--

.stack     0    20207e00    00000200     UNINITIALIZED
                  20207e00    00000004     libc.a : boot_cortex_m.c.obj (.stack)
                  20207e04    000001fc     --HOLE--

__llvm_prf_cnts 
*          0    20200000    00000000     UNINITIALIZED

__llvm_prf_bits 
*          0    20200000    00000000     UNINITIALIZED

MODULE SUMMARY

       Module                         code   ro data   rw data
       ------                         ----   -------   -------
    .\
       main.o                         1156   175       2      
       LaunchPad.o                    986    72        0      
       lcd1602.o                      614    0         1      
       clock.o                        496    0         4      
    +--+------------------------------+------+---------+---------+
       Total:                         3252   247       7      
                                                              
    .\ticlang\
       startup_mspm0g3507_ticlang.o   12     192       0      
    +--+------------------------------+------+---------+---------+
       Total:                         12     192       0      
                                                              
    C:\ti\ccstheia151\ccs\tools\compiler\ti-cgt-armllvm_4.0.0.LTS\lib\armv6m-ti-none-eabi/c/libc.a
       copy_decompress_lzss.c.obj     124    0         0      
       autoinit.c.obj                 60     0         0      
       boot_cortex_m.c.obj            40     0         0      
       copy_decompress_none.c.obj     18     0         0      
       memcpy16.S.obj                 18     0         0      
       exit.c.obj                     4      0         0      
       pre_init.c.obj                 4      0         0      
    +--+------------------------------+------+---------+---------+
       Total:                         268    0         0      
                                                              
    C:\ti\ccstheia151\ccs\tools\compiler\ti-cgt-armllvm_4.0.0.LTS\lib\armv6m-ti-none-eabi/libclang_rt.builtins.a
       aeabi_uidivmod.S.obj           64     0         0      
       aeabi_memcpy.S.obj             8      0         0      
       aeabi_div0.c.obj               2      0         0      
    +--+------------------------------+------+---------+---------+
       Total:                         74     0         0      
                                                              
       Heap:                          0      0         2048   
       Stack:                         0      0         512    
       Linker Generated:              0      27        0      
    +--+------------------------------+------+---------+---------+
       Grand Total:                   3606   466       2567   


LINKER GENERATED COPY TABLES

__TI_cinit_table @ 00000fe4 records: 1, size/record: 8, table size: 8
	.data: load addr=00000fd0, load size=0000000b bytes, run addr=20200800, run size=00000007 bytes, compression=lzss


LINKER GENERATED HANDLER TABLE

__TI_handler_table @ 00000fdc records: 2, size/record: 4, table size: 8
	index: 0, handler: __TI_decompress_lzss
	index: 1, handler: __TI_decompress_none


GLOBAL SYMBOLS: SORTED ALPHABETICALLY BY Name 

address   name                          
-------   ----                          
00000ec1  ADC0_IRQHandler               
00000ec1  ADC1_IRQHandler               
00000ec1  AES_IRQHandler                
00000ed0  C$$EXIT                       
00000ec1  CANFD0_IRQHandler             
00000ec1  DAC0_IRQHandler               
00000ec1  DMA_IRQHandler                
00000ec1  Default_Handler               
00000ec1  GROUP0_IRQHandler             
0000095d  GROUP1_IRQHandler             
00000ec5  HardFault_Handler             
00000ec1  I2C0_IRQHandler               
00000ec1  I2C1_IRQHandler               
00000805  I2C_mstr_init                 
00000e41  I2C_mstr_send1                
00000ec1  NMI_Handler                   
00000ec1  PendSV_Handler                
00000ec1  RTC_IRQHandler                
00000ec9  Reset_Handler                 
00000ec1  SPI0_IRQHandler               
00000ec1  SPI1_IRQHandler               
00000ec1  SVC_Handler                   
00000ec1  SysTick_Handler               
00000ec1  TIMA0_IRQHandler              
00000ec1  TIMA1_IRQHandler              
00000ec1  TIMG0_IRQHandler              
00000ec1  TIMG12_IRQHandler             
00000ec1  TIMG6_IRQHandler              
00000ec1  TIMG7_IRQHandler              
00000ec1  TIMG8_IRQHandler              
00000e77  TI_memcpy_small               
00000ec1  UART0_IRQHandler              
00000ec1  UART1_IRQHandler              
00000ec1  UART2_IRQHandler              
00000ec1  UART3_IRQHandler              
20208000  __STACK_END                   
00000200  __STACK_SIZE                  
00000800  __SYSMEM_SIZE                 
00000000  __TI_ATRegion0_region_sz      
00000000  __TI_ATRegion0_src_addr       
00000000  __TI_ATRegion0_trg_addr       
00000000  __TI_ATRegion1_region_sz      
00000000  __TI_ATRegion1_src_addr       
00000000  __TI_ATRegion1_trg_addr       
00000000  __TI_ATRegion2_region_sz      
00000000  __TI_ATRegion2_src_addr       
00000000  __TI_ATRegion2_trg_addr       
00000fe4  __TI_CINIT_Base               
00000fec  __TI_CINIT_Limit              
00000fec  __TI_CINIT_Warm               
00000fdc  __TI_Handler_Table_Base       
00000fe4  __TI_Handler_Table_Limit      
00000c0d  __TI_auto_init_nobinit_nopinit
00000a6d  __TI_decompress_lzss          
00000e89  __TI_decompress_none          
ffffffff  __TI_pprof_out_hndl           
ffffffff  __TI_prof_data_size           
ffffffff  __TI_prof_data_start          
00000000  __TI_static_base__            
00000ed5  __aeabi_idiv0                 
00000eb9  __aeabi_memcpy                
00000eb9  __aeabi_memcpy4               
00000eb9  __aeabi_memcpy8               
00000b91  __aeabi_uidiv                 
00000b91  __aeabi_uidivmod              
ffffffff  __binit__                     
UNDEFED   __mpu_init                    
20207e00  __stack                       
20200000  __start___llvm_prf_bits       
20200000  __start___llvm_prf_cnts       
20200000  __stop___llvm_prf_bits        
20200000  __stop___llvm_prf_cnts        
00000db5  _c_int00_noargs               
20200000  _sys_memory                   
UNDEFED   _system_post_cinit            
00000ecd  _system_pre_init              
00000ed1  abort                         
ffffffff  binit                         
00000e9b  clock_delay                   
000004b9  clock_init_40mhz              
00000ced  config_pb1_interrupt          
00000d21  config_pb2_interrupt          
00000ed8  dip_switch_config_data        
00000b45  dipsw_init                    
20200800  g_bus_clock_freq              
20200805  g_pb1_pressed                 
20200806  g_pb2_pressed                 
00000f08  iic_config_data               
00000000  interruptVectors              
000008c1  is_pb_down                    
00000c49  launchpad_gpio_init           
00000745  lcd1602_init                  
00000629  lcd1602_write                 
00000eab  lcd_clear                     
00000e01  lcd_set_backlight_on          
00000e21  lcd_set_ddram_addr            
00000e5f  lcd_write_char                
00000ddd  lcd_write_string              
00000c81  main                          
00000d55  msec_delay                    
000000c1  start_menu                    
00000bd1  usec_delay                    


GLOBAL SYMBOLS: SORTED BY Symbol Address 

address   name                          
-------   ----                          
00000000  __TI_ATRegion0_region_sz      
00000000  __TI_ATRegion0_src_addr       
00000000  __TI_ATRegion0_trg_addr       
00000000  __TI_ATRegion1_region_sz      
00000000  __TI_ATRegion1_src_addr       
00000000  __TI_ATRegion1_trg_addr       
00000000  __TI_ATRegion2_region_sz      
00000000  __TI_ATRegion2_src_addr       
00000000  __TI_ATRegion2_trg_addr       
00000000  __TI_static_base__            
00000000  interruptVectors              
000000c1  start_menu                    
00000200  __STACK_SIZE                  
000004b9  clock_init_40mhz              
00000629  lcd1602_write                 
00000745  lcd1602_init                  
00000800  __SYSMEM_SIZE                 
00000805  I2C_mstr_init                 
000008c1  is_pb_down                    
0000095d  GROUP1_IRQHandler             
00000a6d  __TI_decompress_lzss          
00000b45  dipsw_init                    
00000b91  __aeabi_uidiv                 
00000b91  __aeabi_uidivmod              
00000bd1  usec_delay                    
00000c0d  __TI_auto_init_nobinit_nopinit
00000c49  launchpad_gpio_init           
00000c81  main                          
00000ced  config_pb1_interrupt          
00000d21  config_pb2_interrupt          
00000d55  msec_delay                    
00000db5  _c_int00_noargs               
00000ddd  lcd_write_string              
00000e01  lcd_set_backlight_on          
00000e21  lcd_set_ddram_addr            
00000e41  I2C_mstr_send1                
00000e5f  lcd_write_char                
00000e77  TI_memcpy_small               
00000e89  __TI_decompress_none          
00000e9b  clock_delay                   
00000eab  lcd_clear                     
00000eb9  __aeabi_memcpy                
00000eb9  __aeabi_memcpy4               
00000eb9  __aeabi_memcpy8               
00000ec1  ADC0_IRQHandler               
00000ec1  ADC1_IRQHandler               
00000ec1  AES_IRQHandler                
00000ec1  CANFD0_IRQHandler             
00000ec1  DAC0_IRQHandler               
00000ec1  DMA_IRQHandler                
00000ec1  Default_Handler               
00000ec1  GROUP0_IRQHandler             
00000ec1  I2C0_IRQHandler               
00000ec1  I2C1_IRQHandler               
00000ec1  NMI_Handler                   
00000ec1  PendSV_Handler                
00000ec1  RTC_IRQHandler                
00000ec1  SPI0_IRQHandler               
00000ec1  SPI1_IRQHandler               
00000ec1  SVC_Handler                   
00000ec1  SysTick_Handler               
00000ec1  TIMA0_IRQHandler              
00000ec1  TIMA1_IRQHandler              
00000ec1  TIMG0_IRQHandler              
00000ec1  TIMG12_IRQHandler             
00000ec1  TIMG6_IRQHandler              
00000ec1  TIMG7_IRQHandler              
00000ec1  TIMG8_IRQHandler              
00000ec1  UART0_IRQHandler              
00000ec1  UART1_IRQHandler              
00000ec1  UART2_IRQHandler              
00000ec1  UART3_IRQHandler              
00000ec5  HardFault_Handler             
00000ec9  Reset_Handler                 
00000ecd  _system_pre_init              
00000ed0  C$$EXIT                       
00000ed1  abort                         
00000ed5  __aeabi_idiv0                 
00000ed8  dip_switch_config_data        
00000f08  iic_config_data               
00000fdc  __TI_Handler_Table_Base       
00000fe4  __TI_CINIT_Base               
00000fe4  __TI_Handler_Table_Limit      
00000fec  __TI_CINIT_Limit              
00000fec  __TI_CINIT_Warm               
20200000  __start___llvm_prf_bits       
20200000  __start___llvm_prf_cnts       
20200000  __stop___llvm_prf_bits        
20200000  __stop___llvm_prf_cnts        
20200000  _sys_memory                   
20200800  g_bus_clock_freq              
20200805  g_pb1_pressed                 
20200806  g_pb2_pressed                 
20207e00  __stack                       
20208000  __STACK_END                   
ffffffff  __TI_pprof_out_hndl           
ffffffff  __TI_prof_data_size           
ffffffff  __TI_prof_data_start          
ffffffff  __binit__                     
ffffffff  binit                         
UNDEFED   __mpu_init                    
UNDEFED   _system_post_cinit            

[102 symbols]
