******************************************************************************
            TI ARM Clang Linker PC v4.0.0                      
******************************************************************************
>> Linked Sun May  3 22:23:01 2026

OUTPUT FILE NAME:   <Default_Project.out>
ENTRY POINT SYMBOL: "_c_int00_noargs"  address: 00000831


MEMORY CONFIGURATION

         name            origin    length      used     unused   attr    fill
----------------------  --------  ---------  --------  --------  ----  --------
  FLASH                 00000000   00020000  000008f0  0001f710  R  X
  SRAM                  20200000   00008000  00000a04  000075fc  RW X
  BCR_CONFIG            41c00000   00000080  00000000  00000080  R   
  BSL_CONFIG            41c00100   00000080  00000000  00000080  R   


SEGMENT ALLOCATION MAP

run origin  load origin   length   init length attrs members
----------  ----------- ---------- ----------- ----- -------
00000000    00000000    000008f0   000008f0    r-x
  00000000    00000000    000000c0   000000c0    r-- .intvecs
  000000c0    000000c0    00000818   00000818    r-x .text
  000008d8    000008d8    00000018   00000018    r-- .cinit
20200000    20200000    00000804   00000000    rw-
  20200000    20200000    00000800   00000000    rw- .sysmem
  20200800    20200800    00000004   00000000    rw- .data
20207e00    20207e00    00000200   00000000    rw-
  20207e00    20207e00    00000200   00000000    rw- .stack


SECTION ALLOCATION MAP

 output                                  attributes/
section   page    origin      length       input sections
--------  ----  ----------  ----------   ----------------
.intvecs   0    00000000    000000c0     
                  00000000    000000c0     startup_mspm0g3507_ticlang.o (.intvecs)

.text      0    000000c0    00000818     
                  000000c0    00000170     clock.o (.text.clock_init_40mhz)
                  00000230    000000d0     spi.o (.text.spi1_init)
                  00000300    0000008a     graphics.o (.text.ili9341_set_addr_window)
                  0000038a    00000002     libclang_rt.builtins.a : aeabi_div0.c.obj (.text.__aeabi_idiv0)
                  0000038c    0000007c     libc.a : copy_decompress_lzss.c.obj (.text:decompress:lzss)
                  00000408    00000074     libclang_rt.builtins.a : comparedf2.c.obj (.text.__gedf2)
                  0000047c    00000068                            : comparedf2.c.obj (.text.__ledf2)
                  000004e4    00000062                            : aeabi_dcmp.S.obj (.text.__aeabi_dcmp)
                  00000546    00000050     lcd.o (.text.ili9341_init)
                  00000596    00000044     graphics.o (.text.ili9341_fill_screen)
                  000005da    00000002     --HOLE-- [fill = 0]
                  000005dc    00000040     libclang_rt.builtins.a : aeabi_uidivmod.S.obj (.text.__aeabi_uidivmod)
                  0000061c    0000003c     lcd.o (.text.lcd_pins_init)
                  00000658    0000003c     lcd.o (.text.spi1_write16)
                  00000694    0000003c     lcd.o (.text.spi1_write)
                  000006d0    0000003c     libc.a : autoinit.c.obj (.text:__TI_auto_init_nobinit_nopinit)
                  0000070c    00000038     LaunchPad.o (.text.launchpad_gpio_init)
                  00000744    00000034     lcd.o (.text.lcd_data)
                  00000778    00000034     clock.o (.text.msec_delay)
                  000007ac    00000030     lcd.o (.text.lcd_cmd)
                  000007dc    0000002c     lcd.o (.text.lcd_reset)
                  00000808    00000028     main.o (.text.main)
                  00000830    00000028     libc.a : boot_cortex_m.c.obj (.text:_c_int00_noargs)
                  00000858    00000024     libclang_rt.builtins.a : floatunsidf.S.obj (.text.__floatunsidf)
                  0000087c    00000012     libc.a : memcpy16.S.obj (.text:TI_memcpy_small)
                  0000088e    00000012            : copy_decompress_none.c.obj (.text:decompress:none)
                  000008a0    00000010     clock.o (.text.clock_delay)
                  000008b0    0000000c     clock.o (.text.get_bus_clock_freq)
                  000008bc    00000008     libclang_rt.builtins.a : aeabi_memcpy.S.obj (.text.__aeabi_memcpy)
                  000008c4    00000004     startup_mspm0g3507_ticlang.o (.text.Default_Handler)
                  000008c8    00000004     startup_mspm0g3507_ticlang.o (.text.HardFault_Handler)
                  000008cc    00000004     startup_mspm0g3507_ticlang.o (.text.Reset_Handler)
                  000008d0    00000004     libc.a : pre_init.c.obj (.text._system_pre_init)
                  000008d4    00000004            : exit.c.obj (.text:abort)

.cinit     0    000008d8    00000018     
                  000008d8    00000008     (.cinit..data.load) [load image, compression = lzss]
                  000008e0    00000008     (__TI_handler_table)
                  000008e8    00000008     (__TI_cinit_table)

.init_array 
*          0    00000000    00000000     UNINITIALIZED

.binit     0    00000000    00000000     

.data      0    20200800    00000004     UNINITIALIZED
                  20200800    00000004     clock.o (.data.g_bus_clock_freq)

.sysmem    0    20200000    00000800     UNINITIALIZED
                  20200000    00000010     libc.a : memory.c.obj (.sysmem)
                  20200010    000007f0     --HOLE--

.stack     0    20207e00    00000200     UNINITIALIZED
                  20207e00    00000004     libc.a : boot_cortex_m.c.obj (.stack)
                  20207e04    000001fc     --HOLE--

__llvm_prf_cnts 
*          0    20200000    00000000     UNINITIALIZED

__llvm_prf_bits 
*          0    20200000    00000000     UNINITIALIZED

MODULE SUMMARY

       Module                         code   ro data   rw data
       ------                         ----   -------   -------
    .\
       clock.o                        448    0         4      
       lcd.o                          404    0         0      
       spi.o                          208    0         0      
       graphics.o                     206    0         0      
       LaunchPad.o                    56     0         0      
       main.o                         40     0         0      
    +--+------------------------------+------+---------+---------+
       Total:                         1362   0         4      
                                                              
    .\ticlang\
       startup_mspm0g3507_ticlang.o   12     192       0      
    +--+------------------------------+------+---------+---------+
       Total:                         12     192       0      
                                                              
    C:\ti\ccstheia151\ccs\tools\compiler\ti-cgt-armllvm_4.0.0.LTS\lib\armv6m-ti-none-eabi/c/libc.a
       copy_decompress_lzss.c.obj     124    0         0      
       autoinit.c.obj                 60     0         0      
       boot_cortex_m.c.obj            40     0         0      
       copy_decompress_none.c.obj     18     0         0      
       memcpy16.S.obj                 18     0         0      
       exit.c.obj                     4      0         0      
       pre_init.c.obj                 4      0         0      
    +--+------------------------------+------+---------+---------+
       Total:                         268    0         0      
                                                              
    C:\ti\ccstheia151\ccs\tools\compiler\ti-cgt-armllvm_4.0.0.LTS\lib\armv6m-ti-none-eabi/libclang_rt.builtins.a
       comparedf2.c.obj               220    0         0      
       aeabi_dcmp.S.obj               98     0         0      
       aeabi_uidivmod.S.obj           64     0         0      
       floatunsidf.S.obj              36     0         0      
       aeabi_memcpy.S.obj             8      0         0      
       aeabi_div0.c.obj               2      0         0      
    +--+------------------------------+------+---------+---------+
       Total:                         428    0         0      
                                                              
       Heap:                          0      0         2048   
       Stack:                         0      0         512    
       Linker Generated:              0      24        0      
    +--+------------------------------+------+---------+---------+
       Grand Total:                   2070   216       2564   


LINKER GENERATED COPY TABLES

__TI_cinit_table @ 000008e8 records: 1, size/record: 8, table size: 8
	.data: load addr=000008d8, load size=00000008 bytes, run addr=20200800, run size=00000004 bytes, compression=lzss


LINKER GENERATED HANDLER TABLE

__TI_handler_table @ 000008e0 records: 2, size/record: 4, table size: 8
	index: 0, handler: __TI_decompress_lzss
	index: 1, handler: __TI_decompress_none


GLOBAL SYMBOLS: SORTED ALPHABETICALLY BY Name 

address   name                          
-------   ----                          
000008c5  ADC0_IRQHandler               
000008c5  ADC1_IRQHandler               
000008c5  AES_IRQHandler                
000008d4  C$$EXIT                       
000008c5  CANFD0_IRQHandler             
000008c5  DAC0_IRQHandler               
000008c5  DMA_IRQHandler                
000008c5  Default_Handler               
000008c5  GROUP0_IRQHandler             
000008c5  GROUP1_IRQHandler             
000008c9  HardFault_Handler             
000008c5  I2C0_IRQHandler               
000008c5  I2C1_IRQHandler               
000008c5  NMI_Handler                   
000008c5  PendSV_Handler                
000008c5  RTC_IRQHandler                
000008cd  Reset_Handler                 
000008c5  SPI0_IRQHandler               
000008c5  SPI1_IRQHandler               
000008c5  SVC_Handler                   
000008c5  SysTick_Handler               
000008c5  TIMA0_IRQHandler              
000008c5  TIMA1_IRQHandler              
000008c5  TIMG0_IRQHandler              
000008c5  TIMG12_IRQHandler             
000008c5  TIMG6_IRQHandler              
000008c5  TIMG7_IRQHandler              
000008c5  TIMG8_IRQHandler              
0000087d  TI_memcpy_small               
000008c5  UART0_IRQHandler              
000008c5  UART1_IRQHandler              
000008c5  UART2_IRQHandler              
000008c5  UART3_IRQHandler              
20208000  __STACK_END                   
00000200  __STACK_SIZE                  
00000800  __SYSMEM_SIZE                 
00000000  __TI_ATRegion0_region_sz      
00000000  __TI_ATRegion0_src_addr       
00000000  __TI_ATRegion0_trg_addr       
00000000  __TI_ATRegion1_region_sz      
00000000  __TI_ATRegion1_src_addr       
00000000  __TI_ATRegion1_trg_addr       
00000000  __TI_ATRegion2_region_sz      
00000000  __TI_ATRegion2_src_addr       
00000000  __TI_ATRegion2_trg_addr       
000008e8  __TI_CINIT_Base               
000008f0  __TI_CINIT_Limit              
000008f0  __TI_CINIT_Warm               
000008e0  __TI_Handler_Table_Base       
000008e8  __TI_Handler_Table_Limit      
000006d1  __TI_auto_init_nobinit_nopinit
0000038d  __TI_decompress_lzss          
0000088f  __TI_decompress_none          
ffffffff  __TI_pprof_out_hndl           
ffffffff  __TI_prof_data_size           
ffffffff  __TI_prof_data_start          
00000000  __TI_static_base__            
000004e5  __aeabi_dcmpeq                
00000521  __aeabi_dcmpge                
00000535  __aeabi_dcmpgt                
0000050d  __aeabi_dcmple                
000004f9  __aeabi_dcmplt                
0000038b  __aeabi_idiv0                 
000008bd  __aeabi_memcpy                
000008bd  __aeabi_memcpy4               
000008bd  __aeabi_memcpy8               
00000859  __aeabi_ui2d                  
000005dd  __aeabi_uidiv                 
000005dd  __aeabi_uidivmod              
ffffffff  __binit__                     
0000047d  __cmpdf2                      
0000047d  __eqdf2                       
00000859  __floatunsidf                 
00000409  __gedf2                       
00000409  __gtdf2                       
0000047d  __ledf2                       
0000047d  __ltdf2                       
UNDEFED   __mpu_init                    
0000047d  __nedf2                       
20207e00  __stack                       
20200000  __start___llvm_prf_bits       
20200000  __start___llvm_prf_cnts       
20200000  __stop___llvm_prf_bits        
20200000  __stop___llvm_prf_cnts        
00000831  _c_int00_noargs               
20200000  _sys_memory                   
UNDEFED   _system_post_cinit            
000008d1  _system_pre_init              
000008d5  abort                         
ffffffff  binit                         
000008a1  clock_delay                   
000000c1  clock_init_40mhz              
20200800  g_bus_clock_freq              
000008b1  get_bus_clock_freq            
00000597  ili9341_fill_screen           
00000547  ili9341_init                  
00000000  interruptVectors              
0000070d  launchpad_gpio_init           
000007ad  lcd_cmd                       
00000745  lcd_data                      
0000061d  lcd_pins_init                 
000007dd  lcd_reset                     
00000809  main                          
00000779  msec_delay                    
00000231  spi1_init                     
00000695  spi1_write                    
00000659  spi1_write16                  


GLOBAL SYMBOLS: SORTED BY Symbol Address 

address   name                          
-------   ----                          
00000000  __TI_ATRegion0_region_sz      
00000000  __TI_ATRegion0_src_addr       
00000000  __TI_ATRegion0_trg_addr       
00000000  __TI_ATRegion1_region_sz      
00000000  __TI_ATRegion1_src_addr       
00000000  __TI_ATRegion1_trg_addr       
00000000  __TI_ATRegion2_region_sz      
00000000  __TI_ATRegion2_src_addr       
00000000  __TI_ATRegion2_trg_addr       
00000000  __TI_static_base__            
00000000  interruptVectors              
000000c1  clock_init_40mhz              
00000200  __STACK_SIZE                  
00000231  spi1_init                     
0000038b  __aeabi_idiv0                 
0000038d  __TI_decompress_lzss          
00000409  __gedf2                       
00000409  __gtdf2                       
0000047d  __cmpdf2                      
0000047d  __eqdf2                       
0000047d  __ledf2                       
0000047d  __ltdf2                       
0000047d  __nedf2                       
000004e5  __aeabi_dcmpeq                
000004f9  __aeabi_dcmplt                
0000050d  __aeabi_dcmple                
00000521  __aeabi_dcmpge                
00000535  __aeabi_dcmpgt                
00000547  ili9341_init                  
00000597  ili9341_fill_screen           
000005dd  __aeabi_uidiv                 
000005dd  __aeabi_uidivmod              
0000061d  lcd_pins_init                 
00000659  spi1_write16                  
00000695  spi1_write                    
000006d1  __TI_auto_init_nobinit_nopinit
0000070d  launchpad_gpio_init           
00000745  lcd_data                      
00000779  msec_delay                    
000007ad  lcd_cmd                       
000007dd  lcd_reset                     
00000800  __SYSMEM_SIZE                 
00000809  main                          
00000831  _c_int00_noargs               
00000859  __aeabi_ui2d                  
00000859  __floatunsidf                 
0000087d  TI_memcpy_small               
0000088f  __TI_decompress_none          
000008a1  clock_delay                   
000008b1  get_bus_clock_freq            
000008bd  __aeabi_memcpy                
000008bd  __aeabi_memcpy4               
000008bd  __aeabi_memcpy8               
000008c5  ADC0_IRQHandler               
000008c5  ADC1_IRQHandler               
000008c5  AES_IRQHandler                
000008c5  CANFD0_IRQHandler             
000008c5  DAC0_IRQHandler               
000008c5  DMA_IRQHandler                
000008c5  Default_Handler               
000008c5  GROUP0_IRQHandler             
000008c5  GROUP1_IRQHandler             
000008c5  I2C0_IRQHandler               
000008c5  I2C1_IRQHandler               
000008c5  NMI_Handler                   
000008c5  PendSV_Handler                
000008c5  RTC_IRQHandler                
000008c5  SPI0_IRQHandler               
000008c5  SPI1_IRQHandler               
000008c5  SVC_Handler                   
000008c5  SysTick_Handler               
000008c5  TIMA0_IRQHandler              
000008c5  TIMA1_IRQHandler              
000008c5  TIMG0_IRQHandler              
000008c5  TIMG12_IRQHandler             
000008c5  TIMG6_IRQHandler              
000008c5  TIMG7_IRQHandler              
000008c5  TIMG8_IRQHandler              
000008c5  UART0_IRQHandler              
000008c5  UART1_IRQHandler              
000008c5  UART2_IRQHandler              
000008c5  UART3_IRQHandler              
000008c9  HardFault_Handler             
000008cd  Reset_Handler                 
000008d1  _system_pre_init              
000008d4  C$$EXIT                       
000008d5  abort                         
000008e0  __TI_Handler_Table_Base       
000008e8  __TI_CINIT_Base               
000008e8  __TI_Handler_Table_Limit      
000008f0  __TI_CINIT_Limit              
000008f0  __TI_CINIT_Warm               
20200000  __start___llvm_prf_bits       
20200000  __start___llvm_prf_cnts       
20200000  __stop___llvm_prf_bits        
20200000  __stop___llvm_prf_cnts        
20200000  _sys_memory                   
20200800  g_bus_clock_freq              
20207e00  __stack                       
20208000  __STACK_END                   
ffffffff  __TI_pprof_out_hndl           
ffffffff  __TI_prof_data_size           
ffffffff  __TI_prof_data_start          
ffffffff  __binit__                     
ffffffff  binit                         
UNDEFED   __mpu_init                    
UNDEFED   _system_post_cinit            

[107 symbols]
