******************************************************************************
            TI ARM Clang Linker PC v4.0.0                      
******************************************************************************
>> Linked Wed Feb 25 12:56:00 2026

OUTPUT FILE NAME:   <Default_Project.out>
ENTRY POINT SYMBOL: "_c_int00_noargs"  address: 00000395


MEMORY CONFIGURATION

         name            origin    length      used     unused   attr    fill
----------------------  --------  ---------  --------  --------  ----  --------
  FLASH                 00000000   00020000  00000440  0001fbc0  R  X
  SRAM                  20200000   00008000  00000a04  000075fc  RW X
  BCR_CONFIG            41c00000   00000080  00000000  00000080  R   
  BSL_CONFIG            41c00100   00000080  00000000  00000080  R   


SEGMENT ALLOCATION MAP

run origin  load origin   length   init length attrs members
----------  ----------- ---------- ----------- ----- -------
00000000    00000000    00000440   00000440    r-x
  00000000    00000000    000000c0   000000c0    r-- .intvecs
  000000c0    000000c0    00000368   00000368    r-x .text
  00000428    00000428    00000018   00000018    r-- .cinit
20200000    20200000    00000804   00000000    rw-
  20200000    20200000    00000800   00000000    rw- .sysmem
  20200800    20200800    00000004   00000000    rw- .data
20207e00    20207e00    00000200   00000000    rw-
  20207e00    20207e00    00000200   00000000    rw- .stack


SECTION ALLOCATION MAP

 output                                  attributes/
section   page    origin      length       input sections
--------  ----  ----------  ----------   ----------------
.intvecs   0    00000000    000000c0     
                  00000000    000000c0     startup_mspm0g3507_ticlang.o (.intvecs)

.text      0    000000c0    00000368     
                  000000c0    00000170     clock.o (.text.clock_init_40mhz)
                  00000230    0000007c     libc.a : copy_decompress_lzss.c.obj (.text:decompress:lzss)
                  000002ac    00000040     libclang_rt.builtins.a : aeabi_uidivmod.S.obj (.text.__aeabi_uidivmod)
                  000002ec    0000003c     libc.a : autoinit.c.obj (.text:__TI_auto_init_nobinit_nopinit)
                  00000328    00000038     LaunchPad.o (.text.launchpad_gpio_init)
                  00000360    00000034     clock.o (.text.msec_delay)
                  00000394    00000028     libc.a : boot_cortex_m.c.obj (.text:_c_int00_noargs)
                  000003bc    00000014     main.o (.text.main)
                  000003d0    00000012     libc.a : memcpy16.S.obj (.text:TI_memcpy_small)
                  000003e2    00000012            : copy_decompress_none.c.obj (.text:decompress:none)
                  000003f4    00000010     clock.o (.text.clock_delay)
                  00000404    00000008     libclang_rt.builtins.a : aeabi_memcpy.S.obj (.text.__aeabi_memcpy)
                  0000040c    00000004     startup_mspm0g3507_ticlang.o (.text.Default_Handler)
                  00000410    00000004     startup_mspm0g3507_ticlang.o (.text.HardFault_Handler)
                  00000414    00000004     startup_mspm0g3507_ticlang.o (.text.Reset_Handler)
                  00000418    00000004     libc.a : pre_init.c.obj (.text._system_pre_init)
                  0000041c    00000004            : exit.c.obj (.text:abort)
                  00000420    00000002     libclang_rt.builtins.a : aeabi_div0.c.obj (.text.__aeabi_idiv0)
                  00000422    00000006     --HOLE-- [fill = 0]

.cinit     0    00000428    00000018     
                  00000428    00000008     (.cinit..data.load) [load image, compression = lzss]
                  00000430    00000008     (__TI_handler_table)
                  00000438    00000008     (__TI_cinit_table)

.init_array 
*          0    00000000    00000000     UNINITIALIZED

.binit     0    00000000    00000000     

.data      0    20200800    00000004     UNINITIALIZED
                  20200800    00000004     clock.o (.data.g_bus_clock_freq)

.sysmem    0    20200000    00000800     UNINITIALIZED
                  20200000    00000010     libc.a : memory.c.obj (.sysmem)
                  20200010    000007f0     --HOLE--

.stack     0    20207e00    00000200     UNINITIALIZED
                  20207e00    00000004     libc.a : boot_cortex_m.c.obj (.stack)
                  20207e04    000001fc     --HOLE--

__llvm_prf_cnts 
*          0    20200000    00000000     UNINITIALIZED

__llvm_prf_bits 
*          0    20200000    00000000     UNINITIALIZED

MODULE SUMMARY

       Module                         code   ro data   rw data
       ------                         ----   -------   -------
    .\
       clock.o                        436    0         4      
       LaunchPad.o                    56     0         0      
       main.o                         20     0         0      
    +--+------------------------------+------+---------+---------+
       Total:                         512    0         4      
                                                              
    .\ticlang\
       startup_mspm0g3507_ticlang.o   12     192       0      
    +--+------------------------------+------+---------+---------+
       Total:                         12     192       0      
                                                              
    C:\ti\ccstheia151\ccs\tools\compiler\ti-cgt-armllvm_4.0.0.LTS\lib\armv6m-ti-none-eabi/c/libc.a
       copy_decompress_lzss.c.obj     124    0         0      
       autoinit.c.obj                 60     0         0      
       boot_cortex_m.c.obj            40     0         0      
       copy_decompress_none.c.obj     18     0         0      
       memcpy16.S.obj                 18     0         0      
       exit.c.obj                     4      0         0      
       pre_init.c.obj                 4      0         0      
    +--+------------------------------+------+---------+---------+
       Total:                         268    0         0      
                                                              
    C:\ti\ccstheia151\ccs\tools\compiler\ti-cgt-armllvm_4.0.0.LTS\lib\armv6m-ti-none-eabi/libclang_rt.builtins.a
       aeabi_uidivmod.S.obj           64     0         0      
       aeabi_memcpy.S.obj             8      0         0      
       aeabi_div0.c.obj               2      0         0      
    +--+------------------------------+------+---------+---------+
       Total:                         74     0         0      
                                                              
       Heap:                          0      0         2048   
       Stack:                         0      0         512    
       Linker Generated:              0      24        0      
    +--+------------------------------+------+---------+---------+
       Grand Total:                   866    216       2564   


LINKER GENERATED COPY TABLES

__TI_cinit_table @ 00000438 records: 1, size/record: 8, table size: 8
	.data: load addr=00000428, load size=00000008 bytes, run addr=20200800, run size=00000004 bytes, compression=lzss


LINKER GENERATED HANDLER TABLE

__TI_handler_table @ 00000430 records: 2, size/record: 4, table size: 8
	index: 0, handler: __TI_decompress_lzss
	index: 1, handler: __TI_decompress_none


GLOBAL SYMBOLS: SORTED ALPHABETICALLY BY Name 

address   name                          
-------   ----                          
0000040d  ADC0_IRQHandler               
0000040d  ADC1_IRQHandler               
0000040d  AES_IRQHandler                
0000041c  C$$EXIT                       
0000040d  CANFD0_IRQHandler             
0000040d  DAC0_IRQHandler               
0000040d  DMA_IRQHandler                
0000040d  Default_Handler               
0000040d  GROUP0_IRQHandler             
0000040d  GROUP1_IRQHandler             
00000411  HardFault_Handler             
0000040d  I2C0_IRQHandler               
0000040d  I2C1_IRQHandler               
0000040d  NMI_Handler                   
0000040d  PendSV_Handler                
0000040d  RTC_IRQHandler                
00000415  Reset_Handler                 
0000040d  SPI0_IRQHandler               
0000040d  SPI1_IRQHandler               
0000040d  SVC_Handler                   
0000040d  SysTick_Handler               
0000040d  TIMA0_IRQHandler              
0000040d  TIMA1_IRQHandler              
0000040d  TIMG0_IRQHandler              
0000040d  TIMG12_IRQHandler             
0000040d  TIMG6_IRQHandler              
0000040d  TIMG7_IRQHandler              
0000040d  TIMG8_IRQHandler              
000003d1  TI_memcpy_small               
0000040d  UART0_IRQHandler              
0000040d  UART1_IRQHandler              
0000040d  UART2_IRQHandler              
0000040d  UART3_IRQHandler              
20208000  __STACK_END                   
00000200  __STACK_SIZE                  
00000800  __SYSMEM_SIZE                 
00000000  __TI_ATRegion0_region_sz      
00000000  __TI_ATRegion0_src_addr       
00000000  __TI_ATRegion0_trg_addr       
00000000  __TI_ATRegion1_region_sz      
00000000  __TI_ATRegion1_src_addr       
00000000  __TI_ATRegion1_trg_addr       
00000000  __TI_ATRegion2_region_sz      
00000000  __TI_ATRegion2_src_addr       
00000000  __TI_ATRegion2_trg_addr       
00000438  __TI_CINIT_Base               
00000440  __TI_CINIT_Limit              
00000440  __TI_CINIT_Warm               
00000430  __TI_Handler_Table_Base       
00000438  __TI_Handler_Table_Limit      
000002ed  __TI_auto_init_nobinit_nopinit
00000231  __TI_decompress_lzss          
000003e3  __TI_decompress_none          
ffffffff  __TI_pprof_out_hndl           
ffffffff  __TI_prof_data_size           
ffffffff  __TI_prof_data_start          
00000000  __TI_static_base__            
00000421  __aeabi_idiv0                 
00000405  __aeabi_memcpy                
00000405  __aeabi_memcpy4               
00000405  __aeabi_memcpy8               
000002ad  __aeabi_uidiv                 
000002ad  __aeabi_uidivmod              
ffffffff  __binit__                     
UNDEFED   __mpu_init                    
20207e00  __stack                       
20200000  __start___llvm_prf_bits       
20200000  __start___llvm_prf_cnts       
20200000  __stop___llvm_prf_bits        
20200000  __stop___llvm_prf_cnts        
00000395  _c_int00_noargs               
20200000  _sys_memory                   
UNDEFED   _system_post_cinit            
00000419  _system_pre_init              
0000041d  abort                         
ffffffff  binit                         
000003f5  clock_delay                   
000000c1  clock_init_40mhz              
20200800  g_bus_clock_freq              
00000000  interruptVectors              
00000329  launchpad_gpio_init           
000003bd  main                          
00000361  msec_delay                    


GLOBAL SYMBOLS: SORTED BY Symbol Address 

address   name                          
-------   ----                          
00000000  __TI_ATRegion0_region_sz      
00000000  __TI_ATRegion0_src_addr       
00000000  __TI_ATRegion0_trg_addr       
00000000  __TI_ATRegion1_region_sz      
00000000  __TI_ATRegion1_src_addr       
00000000  __TI_ATRegion1_trg_addr       
00000000  __TI_ATRegion2_region_sz      
00000000  __TI_ATRegion2_src_addr       
00000000  __TI_ATRegion2_trg_addr       
00000000  __TI_static_base__            
00000000  interruptVectors              
000000c1  clock_init_40mhz              
00000200  __STACK_SIZE                  
00000231  __TI_decompress_lzss          
000002ad  __aeabi_uidiv                 
000002ad  __aeabi_uidivmod              
000002ed  __TI_auto_init_nobinit_nopinit
00000329  launchpad_gpio_init           
00000361  msec_delay                    
00000395  _c_int00_noargs               
000003bd  main                          
000003d1  TI_memcpy_small               
000003e3  __TI_decompress_none          
000003f5  clock_delay                   
00000405  __aeabi_memcpy                
00000405  __aeabi_memcpy4               
00000405  __aeabi_memcpy8               
0000040d  ADC0_IRQHandler               
0000040d  ADC1_IRQHandler               
0000040d  AES_IRQHandler                
0000040d  CANFD0_IRQHandler             
0000040d  DAC0_IRQHandler               
0000040d  DMA_IRQHandler                
0000040d  Default_Handler               
0000040d  GROUP0_IRQHandler             
0000040d  GROUP1_IRQHandler             
0000040d  I2C0_IRQHandler               
0000040d  I2C1_IRQHandler               
0000040d  NMI_Handler                   
0000040d  PendSV_Handler                
0000040d  RTC_IRQHandler                
0000040d  SPI0_IRQHandler               
0000040d  SPI1_IRQHandler               
0000040d  SVC_Handler                   
0000040d  SysTick_Handler               
0000040d  TIMA0_IRQHandler              
0000040d  TIMA1_IRQHandler              
0000040d  TIMG0_IRQHandler              
0000040d  TIMG12_IRQHandler             
0000040d  TIMG6_IRQHandler              
0000040d  TIMG7_IRQHandler              
0000040d  TIMG8_IRQHandler              
0000040d  UART0_IRQHandler              
0000040d  UART1_IRQHandler              
0000040d  UART2_IRQHandler              
0000040d  UART3_IRQHandler              
00000411  HardFault_Handler             
00000415  Reset_Handler                 
00000419  _system_pre_init              
0000041c  C$$EXIT                       
0000041d  abort                         
00000421  __aeabi_idiv0                 
00000430  __TI_Handler_Table_Base       
00000438  __TI_CINIT_Base               
00000438  __TI_Handler_Table_Limit      
00000440  __TI_CINIT_Limit              
00000440  __TI_CINIT_Warm               
00000800  __SYSMEM_SIZE                 
20200000  __start___llvm_prf_bits       
20200000  __start___llvm_prf_cnts       
20200000  __stop___llvm_prf_bits        
20200000  __stop___llvm_prf_cnts        
20200000  _sys_memory                   
20200800  g_bus_clock_freq              
20207e00  __stack                       
20208000  __STACK_END                   
ffffffff  __TI_pprof_out_hndl           
ffffffff  __TI_prof_data_size           
ffffffff  __TI_prof_data_start          
ffffffff  __binit__                     
ffffffff  binit                         
UNDEFED   __mpu_init                    
UNDEFED   _system_post_cinit            

[83 symbols]
